BYTE     WORD     CODE            #:col    SOURCE
----------------------------------------------------------------------
0000     0000     8003            5:1      3                               //  
0002     0001     8005            5:3      5                               //  
0004     0002     6211            6:1      T+N[T->N,d+1]                   //  (macro: 2dup+)
0006     0003     8002            7:1      2                               //  Should treat this as the number 2 followed by dup (stack: 3 5 8 2 2)
0008     0004     6011            7:3      T[T->N,d+1]                     //  (macro: dup)
000a     0005     6203            8:1      T+N[d-1]                        //  (macro: +)
000c     0006     6203            9:1      T+N[d-1]                        //  (macro: +)
000e     0007     6203           10:1      T+N[d-1]                        //  (macro: +)
0010     0008     6203           11:1      T+N[d-1]                        //  (macro: +)
0012     0009     6103           12:1      N[d-1]                          //  (macro: drop)
