BYTE     WORD     CODE            #:col    SOURCE
----------------------------------------------------------------------
0000     0000     0001            2:1      JMP start                       //  
0002     0001     ----            6:3    :start                            //  
0002     0001     8001            8:5      #1                              //  Push a nonzero (true) condition.
0004     0002     2004            9:5      ZJMP if_false_0: IF             //  
0006     0003     6011           10:9      T[T->N,d+1]                     //  (macro: dup)
0008     0004     ----           11:5    if_false_0: THEN                  //  
0008     0004     6103           12:5      N[d-1]                          //  (macro: drop)
000a     0005     8000           15:5      #0                              //  Push zero (false) condition.
000c     0006     2008           16:5      ZJMP if_false_1: IF             //  
000e     0007     6011           17:9      T[T->N,d+1]                     //  (macro: dup)
0010     0008     ----           18:5    if_false_1: THEN                  //  
0010     0008     6103           19:5      N[d-1]                          //  (macro: drop)
0012     0009     ----           21:3    :wait_forever                     //  
0012     0009     6000           22:6      T                               //  (macro: noop)
0014     000a     0009           23:6      JMP wait_forever                //  
