BYTE     WORD     CODE            #:col    SOURCE
----------------------------------------------------------------------
0000     0000     ----            4:3    :start                            //  
0000     0000     8008            6:5      #8                              //  Stack: 8
0002     0001     8005            7:5      #5                              //  Stack: 8 5
0004     0002     6203            8:5      T+N[d-1]                        //  (macro: +)
0006     0003     8003            9:5      #3                              //  Stack: 13 3
0008     0004     6c03           10:5      N-T[d-1]                        //  (macro: -)
000a     0005     8007           11:5      #7                              //  Stack: 10 7
000c     0006     6303           12:5      T&N[d-1]                        //  (macro: and)
000e     0007     8005           13:5      #5                              //  Stack: 2 5
0010     0008     6403           14:5      T|N[d-1]                        //  (macro: or)
0012     0009     8003           15:5      #3                              //  Stack: 7 3
0014     000a     6503           16:5      T^N[d-1]                        //  (macro: xor)
0016     000b     6600           17:5      ~T                              //  (macro: invert)
0018     000c     ----           19:3    :done                             //  
0018     000c     6000           20:5      T                               //  (macro: noop)
001a     000d     000c           21:5      JMP done                        //  
