BYTE     WORD     CODE            #:col    SOURCE
----------------------------------------------------------------------
0000     0000     ----            4:3    :start                            //  
0000     0000     802a            6:5      #42                             //  Stack: 42
0002     0001     6127            7:5      N[T->R,r+1,d-1]                 //  (macro: >r)
0004     0002     8007            8:5      #7                              //  Stack: 7
0006     0003     6127            9:5      N[T->R,r+1,d-1]                 //  (macro: >r)
0008     0004     6b11           10:5      rT[T->N,d+1]                    //  (macro: r@)
000a     0005     6b1d           11:5      rT[T->N,r-1,d+1]                //  (macro: r>)
000c     0006     6703           12:5      N==T[d-1]                       //  (macro: =)
000e     0007     6b1d           13:5      rT[T->N,r-1,d+1]                //  (macro: r>)
0010     0008     6103           14:5      N[d-1]                          //  (macro: drop)
0012     0009     6103           15:5      N[d-1]                          //  (macro: drop)
0014     000a     ----           17:3    :done                             //  
0014     000a     6000           18:5      T                               //  (macro: noop)
0016     000b     000a           19:5      JMP 'done                       //  
