BYTE     WORD     CODE            #:col    SOURCE
----------------------------------------------------------------------
0000     0000     000a            8:1      10,                             //  
0002     0001     0014            9:1      20,                             //  
0004     0002     001e           10:1      30,                             //  
0006     0003     00a1           13:1      $A1,                            //  
0008     0004     00b2           14:1      $B2,                            //  
000a     0005     00c3           15:1      $C3,                            //  
000c     0006     8000           19:1      $0000                           //  Load value at address 0 (10)
000e     0007     7900           19:7      mem[T]                          //  (macro: @)
0010     0008     8001           20:1      $0001                           //  Load value at address 1 (20)
0012     0009     7900           20:7      mem[T]                          //  (macro: @)
0014     000a     6203           21:1      T+N[d-1]                        //  (macro: +)
0016     000b     ----           23:3    :wait_forever                     //  
0016     000b     6000           24:5      T                               //  (macro: noop)
0018     000c     400b           25:5      CALL wait_forever               //  
