BYTE     WORD     CODE            #:col    SOURCE
----------------------------------------------------------------------
0000     0000     0053            5:1      JMP 'start                      //  Boot vector
0002     0001     006b            8:1      JMP 'irq_handler                //  Interrupt vector
0010     0008     ----           25:3    :uartstat                         //  
0010     0008     a000           26:5      #$2000                          //  (macro: UART_STATUS_REG)
0012     0009     6d50           26:21     io[T][IORD]                     //  (macro: io@)
0014     000a     6300           26:25     T&N                             //  (macro: overand)
0016     000b     6703           26:33     N==T[d-1]                       //  (macro: =)
0018     000c     608c           27:1      T[RET,r-1]                      //  (macro: ;)
001a     000d     ----           30:3    :emit?                            //  
001a     000d     6000           31:5      T                               //  (macro: pause)
001c     000e     8001           32:5      #1                              //  Push transmit ready mask
001e     000f     a000           33:5      #$2000                          //  (macro: UART_STATUS_REG)
0020     0010     6d50           33:21     io[T][IORD]                     //  (macro: io@)
0022     0011     6300           34:5      T&N                             //  (macro: overand)
0024     0012     6703           35:5      N==T[d-1]                       //  (macro: =)
0026     0013     608c           36:1      T[RET,r-1]                      //  (macro: ;)
0028     0014     ----           39:3    :key?                             //  
0028     0014     6000           40:5      T                               //  (macro: pause)
002a     0015     8002           41:5      #2                              //  Push receive ready mask
002c     0016     4008           42:5      CALL uartstat                   //  Check UART status
002e     0017     608c           43:1      T[RET,r-1]                      //  (macro: ;)
0030     0018     ----           46:3    :emit                             //  
0030     0018     400d           47:5      CALL emit?                      //  Check if ready to transmit
0032     0019     2018           48:5      ZJMP 'emit                      //  If not ready, keep waiting
0034     001a     9000           49:5      #$1000                          //  (macro: UART_DATA_REG)
0036     001b     7842           49:19     3OS[N->io[T],d-2]               //  (macro: io!)
0038     001c     608c           50:1      T[RET,r-1]                      //  (macro: ;)
003a     001d     ----           53:3    :key                              //  
003a     001d     4014           54:5      CALL key?                       //  Check if character available
003c     001e     201d           55:5      ZJMP 'key                       //  If no character, keep waiting
003e     001f     9000           56:5      #$1000                          //  (macro: UART_DATA_REG)
0040     0020     6d50           56:19     io[T][IORD]                     //  (macro: io@)
0042     0021     608c           57:1      T[RET,r-1]                      //  (macro: ;)
0044     0022     ----           60:3    :2emit                            //  
0044     0022     6110           61:5      N[T->N]                         //  (macro: swap)
0046     0023     6127           61:10     N[T->R,r+1,d-1]                 //  (macro: >r)
0048     0024     4018           62:5      CALL emit                       //  Send first char
004a     0025     6b1d           63:5      rT[T->N,r-1,d+1]                //  (macro: r>)
004c     0026     4018           63:8      CALL emit                       //  Send second char
004e     0027     608c           64:1      T[RET,r-1]                      //  (macro: ;)
0050     0028     ----           40:3    :@                                //  
0050     0028     c000           41:5      #$4000                          //  
0052     0029     6403           41:12     T|N[d-1]                        //  (macro: or)
0054     002a     6127           41:15     N[T->R,r+1,d-1]                 //  (macro: >r)
0056     002b     608c           41:18     T[RET,r-1]                      //  (macro: ;)
0058     002c     ----           43:3    :led_init                         //  
0058     002c     8001           45:5      #$0001                          //  Set porta_dir[0] to 1 (output)
005a     002d     8004           46:5      #$0004                          //  (macro: PORTA_DIR)
005c     002e     7842           46:15     3OS[N->io[T],d-2]               //  (macro: io!)
005e     002f     608c           47:1      T[RET,r-1]                      //  (macro: ;)
0060     0030     ----           49:3    :led_on                           //  
0060     0030     8001           50:5      #$0001                          //  Bit 13 mask (set bit 13)
0062     0031     8002           51:5      #$0002                          //  (macro: PORTA_OUT)
0064     0032     7842           51:15     3OS[N->io[T],d-2]               //  (macro: io!)
0066     0033     608c           52:1      T[RET,r-1]                      //  (macro: ;)
0068     0034     ----           54:3    :led_off                          //  
0068     0034     8000           55:5      #$0000                          //  Bit 13 mask (clear bit 13)
006a     0035     8002           56:5      #$0002                          //  (macro: PORTA_OUT)
006c     0036     7842           56:15     3OS[N->io[T],d-2]               //  (macro: io!)
006e     0037     608c           57:1      T[RET,r-1]                      //  (macro: ;)
0070     0038     ----           59:3    :led_toggle                       //  
0070     0038     8002           60:5      #$0002                          //  (macro: PORTA_OUT)
0072     0039     6d50           60:15     io[T][IORD]                     //  (macro: io@)
0074     003a     8001           61:5      #1                              //  Toggle the LED
0076     003b     6503           61:8      T^N[d-1]                        //  (macro: xor)
0078     003c     8002           62:5      #$0002                          //  (macro: PORTA_OUT)
007a     003d     7842           62:15     3OS[N->io[T],d-2]               //  (macro: io!)
007c     003e     608c           63:1      T[RET,r-1]                      //  (macro: ;)
007e     003f     ----           65:3    :print_toggle                     //  
007e     003f     8054           66:5      #$54                            //  T
0080     0040     4018           66:10     CALL emit                       //  T
0082     0041     804f           67:5      #$4F                            //  O
0084     0042     4018           67:10     CALL emit                       //  O
0086     0043     800a           68:5      #$0A                            //  Newline
0088     0044     4018           68:10     CALL emit                       //  Newline
008a     0045     608c           69:1      T[RET,r-1]                      //  (macro: ;)
008c     0046     ----           71:3    :print_start                      //  
008c     0046     8053           72:5      #$53                            //  S
008e     0047     4018           72:10     CALL emit                       //  S
0090     0048     8074           73:5      #$74                            //  t
0092     0049     4018           73:10     CALL emit                       //  t
0094     004a     8061           74:5      #$61                            //  a
0096     004b     4018           74:10     CALL emit                       //  a
0098     004c     8072           75:5      #$72                            //  r
009a     004d     4018           75:10     CALL emit                       //  r
009c     004e     8074           76:5      #$74                            //  t
009e     004f     4018           76:10     CALL emit                       //  t
00a0     0050     800a           77:5      #$0A                            //  Newline
00a2     0051     4018           77:10     CALL emit                       //  Newline
00a4     0052     608c           78:1      T[RET,r-1]                      //  (macro: ;)
00a6     0053     ----           82:3    :start                            //  
00a6     0053     401d           84:5      CALL key                        //  
00a8     0054     6103           84:9      N[d-1]                          //  (macro: drop)
00aa     0055     4046           86:5      CALL print_start                //  
00ac     0056     402c           87:5      CALL led_init                   //  
00ae     0057     4030           88:5      CALL led_on                     //  
00b0     0058     ----           91:3    :init                             //  
00b0     0058     8000           92:5      #0                              //  
00b2     0059     8004           92:8      #$0004                          //  (macro: IRQ_COUNT0)
00b4     005a     7832           92:19     3OS[N->[T],d-2]                 //  (macro: !)
00b6     005b     8000           93:5      #0                              //  
00b8     005c     8006           93:8      #$0006                          //  (macro: IRQ_COUNT1)
00ba     005d     7832           93:19     3OS[N->[T],d-2]                 //  (macro: !)
00bc     005e     6070           94:5      T[fEINT]                        //  (macro: eint)
00be     005f     ----           95:3    :main_loop                        //  
00be     005f     8004           96:5      #$0004                          //  (macro: IRQ_COUNT0)
00c0     0060     4028           96:16     CALL @                          //  
00c2     0061     80b7           96:18     #183                            //  
00c4     0062     6110           96:23     N[T->N]                         //  (macro: >)
00c6     0063     6803           96:23     N<T[d-1]                        //  (macro: >)
00c8     0064     206a           96:25     ZJMP if_false_0: IF             //  
00ca     0065     8000           97:9      #0                              //  
00cc     0066     8004           97:12     #$0004                          //  (macro: IRQ_COUNT0)
00ce     0067     7832           97:23     3OS[N->[T],d-2]                 //  (macro: !)
00d0     0068     4038           98:9      CALL led_toggle                 //  
00d2     0069     403f           99:9      CALL print_toggle               //  
00d4     006a     ----          100:5    if_false_0: THEN                  //  
00d4     006a     005f          101:5      JMP 'main_loop                  //  
00d6     006b     ----          104:3    :irq_handler                      //  
00d6     006b     8004          106:5      #$0004                          //  (macro: IRQ_COUNT0)
00d8     006c     4028          106:16     CALL @                          //  Fetch current count
00da     006d     8001          107:5      #1                              //  Increment
00dc     006e     6203          107:8      T+N[d-1]                        //  (macro: +)
00de     006f     8004          108:5      #$0004                          //  (macro: IRQ_COUNT0)
00e0     0070     7832          108:16     3OS[N->[T],d-2]                 //  (macro: !)
00e2     0071     608c          109:1      T[RET,r-1]                      //  (macro: ;)
