BYTE     WORD     CODE            #:col    SOURCE
----------------------------------------------------------------------
0000     0000     ----            4:3    :start                            //  
0000     0000     8005            5:5      #5                              //  Stack: 5 3
0002     0001     8003            5:8      #3                              //  Stack: 5 3
0004     0002     6311            6:5      T&N[T->N,d+1]                   //  (macro: 2dupand)
0006     0003     6103            7:5      N[d-1]                          //  (macro: drop)
0008     0004     6811            8:5      N<T[T->N,d+1]                   //  (macro: 2dup<)
000a     0005     6103            9:5      N[d-1]                          //  (macro: drop)
000c     0006     6711           10:5      N==T[T->N,d+1]                  //  (macro: 2dup=)
000e     0007     6103           11:5      N[d-1]                          //  (macro: drop)
0010     0008     6411           12:5      T|N[T->N,d+1]                   //  (macro: 2dupor)
0012     0009     6103           13:5      N[d-1]                          //  (macro: drop)
0014     000a     6211           14:5      T+N[T->N,d+1]                   //  (macro: 2dup+)
0016     000b     6103           15:5      N[d-1]                          //  (macro: drop)
0018     000c     6c11           16:5      N-T[T->N,d+1]                   //  (macro: 2dup-)
001a     000d     6103           17:5      N[d-1]                          //  (macro: drop)
001c     000e     6f11           18:5      Nu<T[T->N,d+1]                  //  (macro: 2dupu<)
001e     000f     6103           19:5      N[d-1]                          //  (macro: drop)
0020     0010     6511           20:5      T^N[T->N,d+1]                   //  (macro: 2dupxor)
0022     0011     6103           21:5      N[d-1]                          //  (macro: drop)
0024     0012     ----           23:3    :done                             //  
0024     0012     6000           24:5      T                               //  (macro: noop)
0026     0013     0012           25:5      JMP done                        //  
