BYTE     WORD     CODE            #:col    SOURCE
----------------------------------------------------------------------
0000     0000     ----            4:3    :start                            //  
0000     0000     800a            6:5      #10                             //  Stack: 10 5
0002     0001     8005            6:9      #5                              //  Stack: 10 5
0004     0002     6f03            7:5      Nu<T[d-1]                       //  (macro: u<)
0006     0003     6103            8:5      N[d-1]                          //  (macro: drop)
0008     0004     8003            9:5      #3                              //  Stack: 3 8
000a     0005     8008            9:8      #8                              //  Stack: 3 8
000c     0006     6803           10:5      N<T[d-1]                        //  (macro: <)
000e     0007     6103           11:5      N[d-1]                          //  (macro: drop)
0010     0008     8004           12:5      #4                              //  Stack: 4 4
0012     0009     8004           12:8      #4                              //  Stack: 4 4
0014     000a     6703           13:5      N==T[d-1]                       //  (macro: =)
0016     000b     ----           15:3    :done                             //  
0016     000b     6000           16:5      T                               //  (macro: noop)
0018     000c     000b           17:5      JMP done                        //  
